{
  "HD": {
    "VN": "1.5",
    "SO": "unsorted"
  },
  "SQ": [
    {
      "SN": "0",
      "LN": 1
    }
  ]
}